[2026-05-05 20:59:08] [Info] SysFlow application started
[2026-05-05 20:59:17] [Info] Searching for software | Details: SearchTerm: spotify | Manager: choco
[2026-05-05 20:59:17] [Info] Software search completed
[2026-05-05 20:59:48] [Info] SysFlow application started
[2026-05-05 20:59:55] [Info] Searching for software | Details: SearchTerm: spotify | Manager: choco
[2026-05-05 20:59:55] [Info] Software search completed
[2026-05-05 21:04:35] [Info] SysFlow application started
[2026-05-05 21:04:43] [Info] Searching for software | Details: SearchTerm: spotify | Manager: choco
[2026-05-05 21:04:45] [Info] Software search completed
[2026-05-05 21:06:26] [Info] SysFlow application started
[2026-05-05 21:06:38] [Info] Searching for software | Details: SearchTerm: spotify | Manager: choco
[2026-05-05 21:06:43] [Info] Software search completed
[2026-05-05 21:06:55] [Info] Searching for software | Details: SearchTerm: github | Manager: choco
[2026-05-05 22:04:19] [Info] Software search completed
[2026-05-05 22:06:04] [Info] SysFlow application started
[2026-05-05 22:06:16] [Warning] Software update cancelled: no name provided
[2026-05-05 22:06:19] [Warning] Software search cancelled: no search term provided
[2026-05-05 22:06:26] [Info] Searching for software | Details: SearchTerm: SPOTIFY | Manager: choco
[2026-05-05 22:06:28] [Info] Software search completed
[2026-05-05 22:06:38] [Info] Searching for software | Details: SearchTerm: spotify | Manager: choco
[2026-05-05 22:12:21] [Info] SysFlow application started
[2026-05-05 22:12:28] [Info] Searching for software | Details: SearchTerm: spotfiy | Manager: choco
[2026-05-05 22:12:35] [Info] Software search completed
[2026-05-05 22:15:57] [Info] SysFlow application started
[2026-05-05 22:16:06] [Info] Searching for software | Details: SearchTerm: spotify | Manager: choco
[2026-05-05 22:16:16] [Info] Installing software from search | Details: Name:  | ID:  | Manager: choco
[2026-05-05 22:16:16] [Info] Software installation completed
[2026-05-05 22:16:16] [Info] Software search completed
[2026-05-05 22:17:56] [Info] SysFlow application started
[2026-05-05 22:19:05] [Info] SysFlow application started
[2026-05-05 22:19:15] [Info] Searching for software | Details: SearchTerm: spotify | Manager: choco
[2026-05-05 22:19:19] [Info] Software search completed
[2026-05-05 22:22:15] [Info] SysFlow application started
[2026-05-05 22:22:24] [Info] Searching for software | Details: SearchTerm: spotify | Manager: choco
[2026-05-05 22:24:52] [Info] SysFlow application started
[2026-05-05 22:24:58] [Warning] Software search cancelled: no search term provided
[2026-05-05 22:25:03] [Info] Searching for software | Details: SearchTerm: spotify | Manager: choco
[2026-05-05 22:25:05] [Info] Software search completed
[2026-05-05 22:44:02] [Info] SysFlow application started
[2026-05-05 22:44:10] [Info] Searching for software | Details: SearchTerm: spotify | Manager: choco
[2026-05-05 22:49:19] [Info] SysFlow application started
[2026-05-05 22:49:30] [Info] Searching for software | Details: SearchTerm: spotify | Manager: choco
[2026-06-18 14:25:58] [Info] SysFlow application started
[2026-06-18 14:26:02] [Info] Listing installed software
[2026-06-18 14:26:07] [Info] Software list displayed | Details: Found 1 applications
[2026-06-18 14:26:13] [Info] Listing installed software
[2026-06-18 14:26:27] [Info] Software list displayed | Details: Found 615 applications
[2026-06-18 14:26:38] [Info] Installing software | Details: Name: spotify | Manager: choco
[2026-06-18 14:26:39] [Info] Software installation completed
[2026-06-18 14:26:50] [Info] Searching for software | Details: SearchTerm: spotify | Manager: choco
[2026-06-18 14:26:59] [Info] Software search completed
[2026-06-18 14:27:23] [Info] Installing software | Details: Name: spicetify | Manager: choco
[2026-06-18 14:27:28] [Info] Software installation completed
[2026-06-18 14:37:56] [Warning] Software update cancelled: no name provided
[2026-06-18 14:40:20] [Info] SysFlow application started
[2026-06-18 14:40:27] [Warning] Software update cancelled: no name provided
[2026-06-18 14:40:35] [Info] Updating software | Details: Name: spotify | Manager: choco
[2026-06-18 14:41:27] [Info] Software update completed
[2026-06-18 14:42:46] [Info] SysFlow application started
[2026-06-18 14:42:51] [Warning] Software update cancelled: no name provided
[2026-06-18 14:44:40] [Info] SysFlow application started
[2026-06-18 14:44:44] [Warning] Software update cancelled: no name provided
[2026-06-18 14:44:51] [Info] Updating software | Details: Name: google  | Manager: choco
[2026-06-18 14:44:56] [Info] Software update completed
[2026-06-18 18:19:24] [Info] SysFlow application started
[2026-06-18 18:19:32] [Info] Installing software | Details: Name: firefox | Manager: choco
[2026-06-18 18:20:38] [Info] Software installation completed
[2026-06-18 18:21:57] [Info] Installing software | Details: Name: test | Manager: choco
[2026-06-18 18:21:58] [Info] Software installation completed
[2026-06-18 18:23:15] [Info] Installing software | Details: Name: spotify | Manager: winget
[2026-06-18 18:23:20] [Info] Software installation completed
[2026-06-18 18:23:30] [Info] Installing software | Details: Name: git | Manager: winget
[2026-06-18 18:25:06] [Info] Software installation completed
[2026-06-18 18:25:42] [Info] Installing software | Details: Name: google | Manager: winget
[2026-06-18 18:26:16] [Info] Software installation completed
[2026-06-18 18:28:45] [Info] SysFlow application started
[2026-06-18 18:28:54] [Info] Installing software | Details: Name: spotify | Manager: winget
[2026-06-18 18:29:04] [Info] Software installation completed
[2026-06-18 18:29:57] [Info] SysFlow application started
[2026-06-18 18:30:13] [Info] SysFlow application started
[2026-06-18 18:31:52] [Info] SysFlow application started
[2026-06-18 18:32:02] [Info] SysFlow application started
[2026-06-18 18:32:09] [Info] Installing software | Details: Name: spotify | Manager: winget
[2026-06-18 18:32:12] [Info] Software installation completed
[2026-06-18 18:32:17] [Info] Updating software | Details: Name: google | Manager: choco
[2026-06-18 18:32:17] [Info] Software update completed
[2026-06-18 18:33:15] [Info] SysFlow application started
[2026-06-18 18:33:25] [Info] Installing software | Details: Name: spotify | Manager: winget
[2026-06-18 18:33:31] [Info] Software installation completed
[2026-06-18 18:33:42] [Info] Installing software | Details: Name: google | Manager: winget
[2026-06-18 18:33:48] [Info] Software installation completed
[2026-06-18 18:33:56] [Info] Installing software | Details: Name: git | Manager: winget
[2026-07-10 14:17:13] [Info] SysFlow application started
[2026-07-10 14:17:16] [Info] Reporting module accessed (not yet implemented)
[2026-07-10 14:17:28] [Warning] High memory usage: 391 processes.
[2026-07-10 14:17:28] [Info] Exporting statistics to unified HTML | Details: Output path: .\Reports\Report.html; Sections: 1
[2026-07-10 14:17:29] [Info] New unified HTML report created | Details: File: .\Reports\Report.html; Sections: 1; Date: 2026-07-10; Time: 14:17:28
[2026-07-10 14:17:39] [Info] Exporting statistics to unified HTML | Details: Output path: .\Reports\Report.html; Sections: 1
[2026-07-10 14:17:39] [Info] Statistics appended to existing unified HTML | Details: File: .\Reports\Report.html; New sections: 1; Date: 2026-07-10; Time: 14:17:39
[2026-07-10 14:17:39] [Warning] CPU load above threshold | Details: Load: 6% | Threshold: 1%
[2026-07-10 14:17:41] [Info] Exporting statistics to unified HTML | Details: Output path: .\Reports\Report.html; Sections: 1
[2026-07-10 14:17:41] [Info] Statistics appended to existing unified HTML | Details: File: .\Reports\Report.html; New sections: 1; Date: 2026-07-10; Time: 14:17:41
[2026-07-10 14:17:41] [Warning] RAM usage above threshold | Details: Used: 55.82% | Threshold: 1% | Free: 14.02 GB
[2026-07-10 14:18:25] [Info] SysFlow application started
[2026-07-10 14:18:27] [Info] Exporting statistics to unified HTML | Details: Output path: .\Reports\Report.html; Sections: 1
[2026-07-10 14:18:27] [Info] New unified HTML report created | Details: File: .\Reports\Report.html; Sections: 1; Date: 2026-07-10; Time: 14:18:27
[2026-07-10 14:18:27] [Warning] RAM usage above threshold | Details: Used: 51.91% | Threshold: 1% | Free: 15.26 GB
[2026-07-10 14:18:27] [Info] Exporting statistics to unified HTML | Details: Output path: .\Reports\Report.html; Sections: 1
[2026-07-10 14:18:27] [Info] Statistics appended to existing unified HTML | Details: File: .\Reports\Report.html; New sections: 1; Date: 2026-07-10; Time: 14:18:27
[2026-07-10 14:18:27] [Warning] Storage above threshold | Details: Drives: C: | Threshold: 1%
[2026-07-10 14:18:28] [Info] Uptime: 0 days, 5 hours.
[2026-07-10 14:18:31] [Info] Uptime: 0 days, 5 hours.
[2026-07-10 14:18:34] [Info] Exporting statistics to unified HTML | Details: Output path: .\Reports\Report.html; Sections: 4
[2026-07-10 14:18:34] [Info] Statistics appended to existing unified HTML | Details: File: .\Reports\Report.html; New sections: 4; Date: 2026-07-10; Time: 14:18:34
[2026-07-10 14:18:34] [Warning] CPU load above threshold | Details: Load: 2% | Threshold: 1%
[2026-07-10 14:18:34] [Warning] RAM usage above threshold | Details: Used: 51.72% | Threshold: 1%
[2026-07-10 14:18:34] [Warning] Storage above threshold | Details: Drives: C: | Threshold: 1%
[2026-07-10 14:18:34] [Warning] Full system scan detected threshold exceedance | Details: CPU high (2% >= 1%) | RAM high (51.72% >= 1%) | Storage high (C: >= 1%)
[2026-07-10 14:18:51] [Info] Installing software | Details: Name: google | Manager: choco
[2026-07-10 14:18:54] [Info] Software installation completed
[2026-07-10 14:19:08] [Info] Installing software | Details: Name: google | Manager: winget
[2026-07-10 14:19:18] [Info] Software installation completed
[2026-07-10 14:19:27] [Info] Installing software | Details: Name: spotify | Manager: winget
[2026-07-10 14:19:33] [Info] Software installation completed
[2026-07-10 14:19:46] [Info] Updating software | Details: Name: spotify | Manager: winget
[2026-07-10 14:19:50] [Info] Software update completed
[2026-07-10 14:22:38] [Info] SysFlow application started
[2026-07-10 14:26:48] [Info] SysFlow application started
[2026-07-10 14:26:50] [Info] Reporting module accessed (not yet implemented)
[2026-07-10 14:27:05] [Info] SysFlow application started
[2026-07-10 14:29:12] [Info] SysFlow application started
[2026-07-10 14:29:20] [Info] Reporting module accessed (not yet implemented)
[2026-07-10 14:29:43] [Info] Default package manager updated | Details: New manager: winget
[2026-07-10 14:30:21] [Info] SysFlow application closed by user
[2026-07-10 14:30:21] [Info] SysFlow application closed by user
[2026-07-10 14:32:15] [Info] SysFlow application started
[2026-07-10 14:33:47] [Info] SysFlow application started
[2026-07-10 14:35:19] [Info] SysFlow application started
[2026-07-10 14:36:35] [Info] SysFlow application started
[2026-07-10 14:36:42] [Info] Backup creation initiated
[2026-07-10 14:36:46] [Info] Creating backup | Details: Source: .\\DataToBackup | Destination: .\\Backups | Name: Auto-generated
[2026-07-10 14:36:46] [Info] Backup created successfully
[2026-07-10 14:42:49] [Info] SysFlow application started
[2026-07-10 14:44:24] [Info] SysFlow application started
[2026-07-10 14:44:31] [Warning] Invalid export format selection attempted | Details: Input: bothµ
[2026-07-10 14:44:36] [Info] Export format updated | Details: New format: both
[2026-07-10 14:44:44] [Info] Exporting statistics to CSV | Details: Output path: .\Reports\History.csv, Record count: 1
[2026-07-10 14:44:44] [Info] Statistics exported successfully | Details: File: .\Reports\History.csv; Records: 1; Date: 2026-07-10; Time: 14:44:44; Timestamp: 07/10/2026 14:44:44
[2026-07-10 14:44:44] [Info] Exporting statistics to unified HTML | Details: Output path: .\Reports\Report.html; Sections: 1
[2026-07-10 14:44:44] [Info] Exporting statistics to CSV | Details: Output path: .\Reports\Report-CPU Stats.csv, Record count: 1
[2026-07-10 14:44:45] [Info] Statistics exported successfully | Details: File: .\Reports\Report-CPU Stats.csv; Records: 1; Date: 2026-07-10; Time: 14:44:44; Timestamp: 07/10/2026 14:44:44
[2026-07-10 14:44:45] [Info] Statistics appended to existing unified HTML | Details: File: .\Reports\Report.html; New sections: 1; Date: 2026-07-10; Time: 14:44:44
[2026-07-10 14:44:45] [Warning] CPU load above threshold | Details: Load: 26% | Threshold: 1%
[2026-07-10 14:44:45] [Info] Exporting statistics to CSV | Details: Output path: .\Reports\History.csv, Record count: 1
[2026-07-10 14:44:46] [Error] Failed to export statistics | Details: Error: Cannot append CSV content to the following file: .\Reports\History.csv. The appended object does not have a property that corresponds to the following column: Name. To continue with mismatched properties, add the -Force parameter, and then retry the command.
[2026-07-10 14:44:46] [Info] Exporting statistics to unified HTML | Details: Output path: .\Reports\Report.html; Sections: 1
[2026-07-10 14:44:46] [Info] Exporting statistics to CSV | Details: Output path: .\Reports\Report-RAM Stats.csv, Record count: 1
[2026-07-10 14:44:46] [Info] Statistics exported successfully | Details: File: .\Reports\Report-RAM Stats.csv; Records: 1; Date: 2026-07-10; Time: 14:44:46; Timestamp: 07/10/2026 14:44:46
[2026-07-10 14:44:46] [Info] Statistics appended to existing unified HTML | Details: File: .\Reports\Report.html; New sections: 1; Date: 2026-07-10; Time: 14:44:46
[2026-07-10 14:44:46] [Warning] RAM usage above threshold | Details: Used: 69.49% | Threshold: 1% | Free: 9.68 GB
[2026-07-10 14:44:50] [Info] Exporting statistics to CSV | Details: Output path: .\Reports\History.csv, Record count: 1
[2026-07-10 14:44:50] [Error] Failed to export statistics | Details: Error: Cannot append CSV content to the following file: .\Reports\History.csv. The appended object does not have a property that corresponds to the following column: Name. To continue with mismatched properties, add the -Force parameter, and then retry the command.
[2026-07-10 14:44:50] [Info] Exporting statistics to unified HTML | Details: Output path: .\Reports\Report.html; Sections: 1
[2026-07-10 14:44:50] [Info] Exporting statistics to CSV | Details: Output path: .\Reports\Report-Storage Stats.csv, Record count: 1
[2026-07-10 14:44:50] [Info] Statistics exported successfully | Details: File: .\Reports\Report-Storage Stats.csv; Records: 1; Date: 2026-07-10; Time: 14:44:50; Timestamp: 07/10/2026 14:44:50
[2026-07-10 14:44:50] [Info] Statistics appended to existing unified HTML | Details: File: .\Reports\Report.html; New sections: 1; Date: 2026-07-10; Time: 14:44:50
[2026-07-10 14:44:50] [Warning] Storage above threshold | Details: Drives: C: | Threshold: 1%
[2026-07-10 14:49:20] [Info] SysFlow application started
[2026-07-10 14:49:27] [Info] Exporting statistics to CSV | Details: Output path: .\Reports\History.csv, Record count: 1
[2026-07-10 14:49:27] [Info] Statistics exported successfully | Details: File: .\Reports\History.csv; Records: 1; Date: 2026-07-10; Time: 14:49:27; Timestamp: 07/10/2026 14:49:27
[2026-07-10 14:49:27] [Info] Exporting statistics to unified HTML | Details: Output path: .\Reports\Report.html; Sections: 1
[2026-07-10 14:49:27] [Info] Exporting statistics to CSV | Details: Output path: .\Reports\Report-CPU Stats.csv, Record count: 1
[2026-07-10 14:49:27] [Info] Statistics exported successfully | Details: File: .\Reports\Report-CPU Stats.csv; Records: 1; Date: 2026-07-10; Time: 14:49:27; Timestamp: 07/10/2026 14:49:27
[2026-07-10 14:49:27] [Info] Statistics appended to existing unified HTML | Details: File: .\Reports\Report.html; New sections: 1; Date: 2026-07-10; Time: 14:49:27
[2026-07-10 14:49:27] [Warning] CPU load above threshold | Details: Load: 5% | Threshold: 1%
[2026-07-10 14:49:29] [Info] Exporting statistics to CSV | Details: Output path: .\Reports\History.csv, Record count: 1
[2026-07-10 14:49:29] [Info] Statistics exported successfully | Details: File: .\Reports\History.csv; Records: 1; Date: 2026-07-10; Time: 14:49:29; Timestamp: 07/10/2026 14:49:29
[2026-07-10 14:49:29] [Info] Exporting statistics to unified HTML | Details: Output path: .\Reports\Report.html; Sections: 1
[2026-07-10 14:49:29] [Info] Exporting statistics to CSV | Details: Output path: .\Reports\Report-RAM Stats.csv, Record count: 1
[2026-07-10 14:49:29] [Info] Statistics exported successfully | Details: File: .\Reports\Report-RAM Stats.csv; Records: 1; Date: 2026-07-10; Time: 14:49:29; Timestamp: 07/10/2026 14:49:29
[2026-07-10 14:49:29] [Info] Statistics appended to existing unified HTML | Details: File: .\Reports\Report.html; New sections: 1; Date: 2026-07-10; Time: 14:49:29
[2026-07-10 14:49:29] [Warning] RAM usage above threshold | Details: Used: 61.08% | Threshold: 1% | Free: 12.35 GB
[2026-07-10 14:49:30] [Info] Exporting statistics to CSV | Details: Output path: .\Reports\History.csv, Record count: 1
[2026-07-10 14:49:30] [Info] Statistics exported successfully | Details: File: .\Reports\History.csv; Records: 1; Date: 2026-07-10; Time: 14:49:30; Timestamp: 07/10/2026 14:49:30
[2026-07-10 14:49:30] [Info] Exporting statistics to unified HTML | Details: Output path: .\Reports\Report.html; Sections: 1
[2026-07-10 14:49:30] [Info] Exporting statistics to CSV | Details: Output path: .\Reports\Report-Storage Stats.csv, Record count: 1
[2026-07-10 14:49:30] [Info] Statistics exported successfully | Details: File: .\Reports\Report-Storage Stats.csv; Records: 1; Date: 2026-07-10; Time: 14:49:30; Timestamp: 07/10/2026 14:49:30
[2026-07-10 14:49:30] [Info] Statistics appended to existing unified HTML | Details: File: .\Reports\Report.html; New sections: 1; Date: 2026-07-10; Time: 14:49:30
[2026-07-10 14:49:30] [Warning] Storage above threshold | Details: Drives: C: | Threshold: 1%
[2026-07-10 14:49:33] [Info] Exporting statistics to CSV | Details: Output path: .\Reports\History.csv, Record count: 1
[2026-07-10 14:49:33] [Info] Statistics exported successfully | Details: File: .\Reports\History.csv; Records: 1; Date: 2026-07-10; Time: 14:49:33; Timestamp: 07/10/2026 14:49:33
[2026-07-10 14:49:33] [Info] Exporting statistics to CSV | Details: Output path: .\Reports\History.csv, Record count: 1
[2026-07-10 14:49:33] [Info] Statistics exported successfully | Details: File: .\Reports\History.csv; Records: 1; Date: 2026-07-10; Time: 14:49:33; Timestamp: 07/10/2026 14:49:33
[2026-07-10 14:49:33] [Info] Exporting statistics to CSV | Details: Output path: .\Reports\History.csv, Record count: 1
[2026-07-10 14:49:33] [Info] Statistics exported successfully | Details: File: .\Reports\History.csv; Records: 1; Date: 2026-07-10; Time: 14:49:33; Timestamp: 07/10/2026 14:49:33
[2026-07-10 14:49:33] [Info] Exporting statistics to unified HTML | Details: Output path: .\Reports\Report.html; Sections: 4
[2026-07-10 14:49:33] [Info] Exporting statistics to CSV | Details: Output path: .\Reports\Report-Storage Stats.csv, Record count: 1
[2026-07-10 14:49:33] [Info] Statistics exported successfully | Details: File: .\Reports\Report-Storage Stats.csv; Records: 1; Date: 2026-07-10; Time: 14:49:33; Timestamp: 07/10/2026 14:49:33
[2026-07-10 14:49:33] [Info] Exporting statistics to CSV | Details: Output path: .\Reports\Report-RAM Stats.csv, Record count: 1
[2026-07-10 14:49:33] [Info] Statistics exported successfully | Details: File: .\Reports\Report-RAM Stats.csv; Records: 1; Date: 2026-07-10; Time: 14:49:33; Timestamp: 07/10/2026 14:49:33
[2026-07-10 14:49:33] [Info] Exporting statistics to CSV | Details: Output path: .\Reports\Report-Uptime Stats.csv, Record count: 1
[2026-07-10 14:49:33] [Info] Statistics exported successfully | Details: File: .\Reports\Report-Uptime Stats.csv; Records: 1; Date: 2026-07-10; Time: 14:49:33; Timestamp: 07/10/2026 14:49:33
[2026-07-10 14:49:33] [Info] Exporting statistics to CSV | Details: Output path: .\Reports\Report-CPU Stats.csv, Record count: 1
[2026-07-10 14:49:33] [Info] Statistics exported successfully | Details: File: .\Reports\Report-CPU Stats.csv; Records: 1; Date: 2026-07-10; Time: 14:49:33; Timestamp: 07/10/2026 14:49:33
[2026-07-10 14:49:33] [Info] Statistics appended to existing unified HTML | Details: File: .\Reports\Report.html; New sections: 4; Date: 2026-07-10; Time: 14:49:33
[2026-07-10 14:49:33] [Warning] CPU load above threshold | Details: Load: 6% | Threshold: 1%
[2026-07-10 14:49:33] [Warning] RAM usage above threshold | Details: Used: 61.26% | Threshold: 1%
[2026-07-10 14:49:33] [Warning] Storage above threshold | Details: Drives: C: | Threshold: 1%
[2026-07-10 14:49:33] [Warning] Full system scan detected threshold exceedance | Details: CPU high (6% >= 1%) | RAM high (61.26% >= 1%) | Storage high (C: >= 1%)
[2026-07-10 14:49:34] [Info] Uptime: 0 days, 5 hours.
